2026-05-29 13:08:05 | 
── goub_linear_ema09999 ────────────────────────────────────────
  Model:    ConditionalUNet | 137,147,523 params
  Data:     source/DeRain-H | train: 1254 | val: 100
  Training: 200000 iters | batch: 8 | patch: 64 | AMP
  Optim:    AdamW | lr: 0.0001 → 1e-06 (CosineAnnealingLR)
  EMA:      β=0.9999, every 1 step
  SDE:      goub | GOUB | schedule=linear | λ²=30.0 | NFE=100 | ε=0.005
  Device:   CUDA:5 (NVIDIA GeForce RTX 3090)
  Output:   outputs/goub_linear_ema09999/
────────────────────────────────────────────────────────────
2026-05-29 13:08:51 | 
── goub_linear_ema09999 ────────────────────────────────────────
  Model:    ConditionalUNet | 137,147,523 params
  Data:     source/DeRain-H | train: 1254 | val: 100
  Training: 200000 iters | batch: 8 | patch: 64 | AMP
  Optim:    AdamW | lr: 0.0001 → 1e-06 (CosineAnnealingLR)
  EMA:      β=0.9999, every 1 step
  SDE:      goub | GOUB | schedule=linear | λ²=30.0 | NFE=100 | ε=0.005
  Device:   CUDA:5 (NVIDIA GeForce RTX 3090)
  Output:   outputs/goub_linear_ema09999/
────────────────────────────────────────────────────────────
2026-05-29 13:13:23 | 
── goub_linear_ema09999 ────────────────────────────────────────
  Model:    ConditionalUNet | 137,147,523 params
  Data:     source/DeRain-H | train: 1254 | val: 100
  Training: 200000 iters | batch: 8 | patch: 64 | AMP
  Optim:    AdamW | lr: 0.0001 → 1e-06 (CosineAnnealingLR)
  EMA:      β=0.9999, every 1 step
  SDE:      goub | GOUB | schedule=linear | λ²=30.0 | NFE=100 | ε=0.005
  Device:   CUDA:7 (NVIDIA GeForce RTX 3090)
  Output:   outputs/goub_linear_ema09999/
────────────────────────────────────────────────────────────
2026-05-29 14:12:55 | Checkpoint saved: ['topk_1_iter_013333_psnr_5.386.ckpt', 'last.ckpt']
2026-05-29 14:12:55 | [Val] iter=13333 | PSNR: 5.386 | SSIM: 0.002 | LPIPS: 1.1924 | Best PSNR: 0.000
