2026-05-31 11:13:41 | 
── cudnn_deterministic_ema09999 ────────────────────────────────
  Model:    ConditionalUNet | 137,147,523 params
  Data:     source/DeRain-H | train: 1254 | val: 100
  Training: 200000 iters | batch: 8 | patch: 64 | FP32
  Optim:    AdamW | lr: 0.0001 → 1e-06 (CosineAnnealingLR)
  EMA:      β=0.9999, every 1 step
  SDE:      goub | GOUB | schedule=linear | λ²=30.0 | NFE=100 | ε=0.005
  Device:   CUDA:5 (NVIDIA GeForce RTX 3090)
  Output:   outputs/cudnn_deterministic_ema09999/
────────────────────────────────────────────────────────────
2026-05-31 11:36:21 | Checkpoint saved: ['iter_013333_psnr_5.191.ckpt', 'last.ckpt']
2026-05-31 11:36:21 | [Val] iter=13333 | PSNR: 5.191 | SSIM: -0.000 | LPIPS: 0.9873 | Best PSNR: 0.000
2026-05-31 11:59:12 | Checkpoint saved: ['iter_026666_psnr_11.478.ckpt', 'last.ckpt']
2026-05-31 11:59:12 | [Val] iter=26666 | PSNR: 11.478 | SSIM: 0.262 | LPIPS: 0.4464 | Best PSNR: 5.191
2026-05-31 12:22:26 | Checkpoint saved: ['iter_040000_psnr_13.411.ckpt', 'last.ckpt']
2026-05-31 12:22:26 | [Val] iter=40000 | PSNR: 13.411 | SSIM: 0.390 | LPIPS: 0.3442 | Best PSNR: 11.478
2026-05-31 12:34:18 | 
── cudnn_deterministic_ema09999 ────────────────────────────────
  Model:    ConditionalUNet | 137,147,523 params
  Data:     source/DeRain-H | train: 1254 | val: 100
  Training: 200000 iters | batch: 8 | patch: 64 | FP32
  Optim:    AdamW | lr: 0.0001 → 1e-06 (CosineAnnealingLR)
  EMA:      β=0.9999, every 1 step
  SDE:      goub | GOUB | schedule=linear | λ²=30.0 | NFE=100 | ε=0.005
  Device:   CUDA:5 (NVIDIA GeForce RTX 3090)
  Output:   outputs/cudnn_deterministic_ema09999/
────────────────────────────────────────────────────────────
