2026-05-28 17:39:13 | 
── sde_vp ──────────────────────────────────────────────────────
  Model:    ConditionalUNet | 137,147,523 params
  Data:     source/DeRain-H | train: 1254 | val: 100
  Training: 200000 iters | batch: 8 | patch: 64 | AMP
  Optim:    AdamW | lr: 0.0001 → 1e-06 (CosineAnnealingLR)
  EMA:      β=0.999, every 1 step
  SDE:      vp | VP-bridge | β_d=2.0 | β_min=0.1
  Device:   CUDA:5 (NVIDIA GeForce RTX 3090)
  Output:   outputs/sde_vp/
────────────────────────────────────────────────────────────
2026-05-28 18:54:00 | Checkpoint saved: ['topk_1_iter_013333_psnr_6.257.ckpt', 'last.ckpt']
2026-05-28 18:54:00 | [Val] iter=13333 | PSNR: 6.257 | SSIM: 0.003 | LPIPS: nan | Best PSNR: 0.000
2026-05-28 19:59:21 | Checkpoint saved: ['topk_2_iter_026666_psnr_6.257.ckpt', 'last.ckpt']
2026-05-28 19:59:21 | [Val] iter=26666 | PSNR: 6.257 | SSIM: 0.003 | LPIPS: nan | Best PSNR: 6.257
2026-05-28 20:59:39 | 
── sde_vp ──────────────────────────────────────────────────────
  Model:    ConditionalUNet | 137,147,523 params
  Data:     source/DeRain-H | train: 1254 | val: 100
  Training: 200000 iters | batch: 8 | patch: 64 | AMP
  Optim:    AdamW | lr: 0.0001 → 1e-06 (CosineAnnealingLR)
  EMA:      β=0.999, every 1 step
  SDE:      vp | VP-bridge | β_d=2.0 | β_min=0.1
  Device:   CUDA:5 (NVIDIA GeForce RTX 3090)
  Output:   outputs/sde_vp/
────────────────────────────────────────────────────────────
2026-05-28 20:59:41 | Resumed from iteration 26666, best PSNR: 6.257
2026-05-28 21:07:18 | 
── sde_vp ──────────────────────────────────────────────────────
  Model:    ConditionalUNet | 137,147,523 params
  Data:     source/DeRain-H | train: 1254 | val: 100
  Training: 200000 iters | batch: 8 | patch: 64 | AMP
  Optim:    AdamW | lr: 0.0001 → 1e-06 (CosineAnnealingLR)
  EMA:      β=0.999, every 1 step
  SDE:      vp | VP-bridge | β_d=2.0 | β_min=0.1 | NFE=200
  Device:   CUDA:5 (NVIDIA GeForce RTX 3090)
  Output:   outputs/sde_vp/
────────────────────────────────────────────────────────────
2026-05-28 21:07:19 | Resumed from iteration 26666, best PSNR: 6.257
2026-05-28 22:14:41 | Checkpoint saved: ['topk_3_iter_040000_psnr_6.257.ckpt', 'last.ckpt']
2026-05-28 22:14:41 | [Val] iter=40000 | PSNR: 6.257 | SSIM: 0.003 | LPIPS: nan | Best PSNR: 6.257
