2026-06-04 16:05:55 | 
── precision_fp16_bs16 ─────────────────────────────────────────
  Model:    ConditionalUNet | 137,147,523 params
  Data:     /home/lsc/project/dataset/S-CCID | train: 8000 | val: 322
  Training: 200000 iters | batch: 16 | patch: 64 | FP16
  Optim:    AdamW | lr: 0.0001 → 1e-06 (CosineAnnealingLR)
  EMA:      β=0.9999, every 1 step
  SDE:      goub | GOUB | schedule=linear | λ²=30.0 | NFE=100 | ε=0.005
  Device:   CUDA:5 (NVIDIA GeForce RTX 3090)
  Output:   outputs/precision_fp16_bs16/
────────────────────────────────────────────────────────────
2026-06-04 16:07:36 | 
── precision_fp16_bs16 ─────────────────────────────────────────
  Model:    ConditionalUNet | 137,147,523 params
  Data:     /home/lsc/project/dataset/S-CCID | train: 8000 | val: 322
  Training: 200000 iters | batch: 16 | patch: 64 | FP16
  Optim:    AdamW | lr: 0.0001 → 1e-06 (CosineAnnealingLR)
  EMA:      β=0.9999, every 1 step
  SDE:      goub | GOUB | schedule=linear | λ²=30.0 | NFE=100 | ε=0.005
  Device:   CUDA:6 (NVIDIA GeForce RTX 3090)
  Output:   outputs/precision_fp16_bs16/
────────────────────────────────────────────────────────────
2026-06-04 16:49:57 | Checkpoint saved: ['iter_013333_psnr_5.571.ckpt', 'last.ckpt']
2026-06-04 16:49:57 | [Val] iter=13333 | PSNR: 5.571 | SSIM: 0.009 | LPIPS: 1.1543 | Best PSNR: 0.000
2026-06-04 17:32:54 | Checkpoint saved: ['iter_026666_psnr_20.687.ckpt', 'last.ckpt']
2026-06-04 17:32:54 | [Val] iter=26666 | PSNR: 20.687 | SSIM: 0.605 | LPIPS: 0.0578 | Best PSNR: 5.571
2026-06-04 18:15:25 | Checkpoint saved: ['iter_040000_psnr_21.681.ckpt', 'last.ckpt']
2026-06-04 18:15:25 | [Val] iter=40000 | PSNR: 21.681 | SSIM: 0.715 | LPIPS: 0.0388 | Best PSNR: 20.687
2026-06-04 18:58:35 | Checkpoint saved: ['iter_053333_psnr_21.343.ckpt', 'last.ckpt']
2026-06-04 18:58:35 | [Val] iter=53333 | PSNR: 21.343 | SSIM: 0.737 | LPIPS: 0.0330 | Best PSNR: 21.681
2026-06-04 19:41:33 | Checkpoint saved: ['iter_066666_psnr_21.288.ckpt', 'last.ckpt']
2026-06-04 19:41:33 | [Val] iter=66666 | PSNR: 21.288 | SSIM: 0.741 | LPIPS: 0.0311 | Best PSNR: 21.681
2026-06-04 20:24:22 | Checkpoint saved: ['iter_080000_psnr_21.254.ckpt', 'last.ckpt']
2026-06-04 20:24:22 | [Val] iter=80000 | PSNR: 21.254 | SSIM: 0.742 | LPIPS: 0.0322 | Best PSNR: 21.681
2026-06-04 21:07:08 | Checkpoint saved: ['iter_093333_psnr_21.081.ckpt', 'last.ckpt']
2026-06-04 21:07:08 | [Val] iter=93333 | PSNR: 21.081 | SSIM: 0.743 | LPIPS: 0.0334 | Best PSNR: 21.681
2026-06-04 21:49:47 | Checkpoint saved: ['iter_106666_psnr_20.866.ckpt', 'last.ckpt']
2026-06-04 21:49:47 | [Val] iter=106666 | PSNR: 20.866 | SSIM: 0.743 | LPIPS: 0.0341 | Best PSNR: 21.681
2026-06-04 22:32:28 | Checkpoint saved: ['iter_120000_psnr_20.623.ckpt', 'last.ckpt']
2026-06-04 22:32:28 | [Val] iter=120000 | PSNR: 20.623 | SSIM: 0.743 | LPIPS: 0.0348 | Best PSNR: 21.681
2026-06-04 23:15:19 | Checkpoint saved: ['iter_133333_psnr_20.427.ckpt', 'last.ckpt']
2026-06-04 23:15:19 | [Val] iter=133333 | PSNR: 20.427 | SSIM: 0.743 | LPIPS: 0.0354 | Best PSNR: 21.681
2026-06-04 23:58:07 | Checkpoint saved: ['iter_146666_psnr_20.285.ckpt', 'last.ckpt']
2026-06-04 23:58:07 | [Val] iter=146666 | PSNR: 20.285 | SSIM: 0.742 | LPIPS: 0.0358 | Best PSNR: 21.681
2026-06-05 00:40:31 | Checkpoint saved: ['iter_160000_psnr_20.183.ckpt', 'last.ckpt']
2026-06-05 00:40:31 | [Val] iter=160000 | PSNR: 20.183 | SSIM: 0.742 | LPIPS: 0.0358 | Best PSNR: 21.681
2026-06-05 01:22:29 | Checkpoint saved: ['iter_173333_psnr_20.083.ckpt', 'last.ckpt']
2026-06-05 01:22:29 | [Val] iter=173333 | PSNR: 20.083 | SSIM: 0.741 | LPIPS: 0.0360 | Best PSNR: 21.681
2026-06-05 02:05:29 | Checkpoint saved: ['iter_186666_psnr_19.997.ckpt', 'last.ckpt']
2026-06-05 02:05:29 | [Val] iter=186666 | PSNR: 19.997 | SSIM: 0.740 | LPIPS: 0.0362 | Best PSNR: 21.681
2026-06-05 02:48:22 | Checkpoint saved: ['iter_200000_psnr_19.951.ckpt', 'last.ckpt']
2026-06-05 02:48:22 | [Val] iter=200000 | PSNR: 19.951 | SSIM: 0.740 | LPIPS: 0.0362 | Best PSNR: 21.681
2026-06-05 02:48:22 | Training finished. Total time: 10h 40m 46s
