2026-05-31 17:50:01 | 
── precision_fp16 ──────────────────────────────────────────────
  Model:    ConditionalUNet | 137,147,523 params
  Data:     source/DeRain-H | train: 1254 | val: 100
  Training: 200000 iters | batch: 8 | patch: 64 | FP16
  Optim:    AdamW | lr: 0.0001 → 1e-06 (CosineAnnealingLR)
  EMA:      β=0.9999, every 1 step
  SDE:      goub | GOUB | schedule=linear | λ²=30.0 | NFE=100 | ε=0.005
  Device:   CUDA:1 (NVIDIA GeForce RTX 3090)
  Output:   outputs/precision_fp16/
────────────────────────────────────────────────────────────
2026-05-31 18:16:33 | Checkpoint saved: ['iter_013333_psnr_5.307.ckpt', 'last.ckpt']
2026-05-31 18:16:33 | [Val] iter=13333 | PSNR: 5.307 | SSIM: -0.002 | LPIPS: 0.8854 | Best PSNR: 0.000
2026-05-31 18:43:13 | Checkpoint saved: ['iter_026666_psnr_9.334.ckpt', 'last.ckpt']
2026-05-31 18:43:13 | [Val] iter=26666 | PSNR: 9.334 | SSIM: 0.311 | LPIPS: 0.4068 | Best PSNR: 5.307
2026-05-31 19:09:41 | Checkpoint saved: ['iter_040000_psnr_14.245.ckpt', 'last.ckpt']
2026-05-31 19:09:41 | [Val] iter=40000 | PSNR: 14.245 | SSIM: 0.461 | LPIPS: 0.2888 | Best PSNR: 9.334
2026-05-31 19:36:03 | Checkpoint saved: ['iter_053333_psnr_6.270.ckpt', 'last.ckpt']
2026-05-31 19:36:03 | [Val] iter=53333 | PSNR: 6.270 | SSIM: 0.002 | LPIPS: nan | Best PSNR: 14.245
2026-05-31 19:58:10 | Checkpoint saved: ['iter_066666_psnr_6.270.ckpt', 'last.ckpt']
2026-05-31 19:58:10 | [Val] iter=66666 | PSNR: 6.270 | SSIM: 0.002 | LPIPS: nan | Best PSNR: 14.245
2026-05-31 20:20:22 | Checkpoint saved: ['iter_080000_psnr_6.270.ckpt', 'last.ckpt']
2026-05-31 20:20:22 | [Val] iter=80000 | PSNR: 6.270 | SSIM: 0.002 | LPIPS: nan | Best PSNR: 14.245
2026-05-31 20:43:04 | Checkpoint saved: ['iter_093333_psnr_6.270.ckpt', 'last.ckpt']
2026-05-31 20:43:04 | [Val] iter=93333 | PSNR: 6.270 | SSIM: 0.002 | LPIPS: nan | Best PSNR: 14.245
2026-05-31 21:05:19 | Checkpoint saved: ['iter_106666_psnr_6.270.ckpt', 'last.ckpt']
2026-05-31 21:05:19 | [Val] iter=106666 | PSNR: 6.270 | SSIM: 0.002 | LPIPS: nan | Best PSNR: 14.245
2026-05-31 21:27:34 | Checkpoint saved: ['iter_120000_psnr_6.270.ckpt', 'last.ckpt']
2026-05-31 21:27:34 | [Val] iter=120000 | PSNR: 6.270 | SSIM: 0.002 | LPIPS: nan | Best PSNR: 14.245
