2026-05-31 02:14:22 | 
── goub_linear_ema09999_fp32 ───────────────────────────────────
  Model:    ConditionalUNet | 137,147,523 params
  Data:     source/DeRain-H | train: 1254 | val: 100
  Training: 200000 iters | batch: 8 | patch: 64 | FP32
  Optim:    AdamW | lr: 0.0001 → 1e-06 (CosineAnnealingLR)
  EMA:      β=0.9999, every 1 step
  SDE:      goub | GOUB | schedule=linear | λ²=30.0 | NFE=100 | ε=0.005
  Device:   CUDA:9 (NVIDIA GeForce RTX 3090)
  Output:   outputs/goub_linear_ema09999_fp32/
────────────────────────────────────────────────────────────
2026-05-31 02:36:06 | Checkpoint saved: ['iter_013333_psnr_5.191.ckpt', 'last.ckpt']
2026-05-31 02:36:06 | [Val] iter=13333 | PSNR: 5.191 | SSIM: -0.000 | LPIPS: 0.9873 | Best PSNR: 0.000
2026-05-31 02:58:22 | Checkpoint saved: ['iter_026666_psnr_11.478.ckpt', 'last.ckpt']
2026-05-31 02:58:22 | [Val] iter=26666 | PSNR: 11.478 | SSIM: 0.262 | LPIPS: 0.4464 | Best PSNR: 5.191
2026-05-31 03:20:44 | Checkpoint saved: ['iter_040000_psnr_13.411.ckpt', 'last.ckpt']
2026-05-31 03:20:44 | [Val] iter=40000 | PSNR: 13.411 | SSIM: 0.390 | LPIPS: 0.3442 | Best PSNR: 11.478
2026-05-31 03:42:49 | Checkpoint saved: ['iter_053333_psnr_17.087.ckpt', 'last.ckpt']
2026-05-31 03:42:49 | [Val] iter=53333 | PSNR: 17.087 | SSIM: 0.551 | LPIPS: 0.2032 | Best PSNR: 13.411
2026-05-31 04:05:14 | Checkpoint saved: ['iter_066666_psnr_20.218.ckpt', 'last.ckpt']
2026-05-31 04:05:14 | [Val] iter=66666 | PSNR: 20.218 | SSIM: 0.677 | LPIPS: 0.1229 | Best PSNR: 17.087
2026-05-31 04:27:42 | Checkpoint saved: ['iter_080000_psnr_21.604.ckpt', 'last.ckpt']
2026-05-31 04:27:42 | [Val] iter=80000 | PSNR: 21.604 | SSIM: 0.705 | LPIPS: 0.0933 | Best PSNR: 20.218
2026-05-31 04:50:22 | Checkpoint saved: ['iter_093333_psnr_22.822.ckpt', 'last.ckpt']
2026-05-31 04:50:22 | [Val] iter=93333 | PSNR: 22.822 | SSIM: 0.739 | LPIPS: 0.0741 | Best PSNR: 21.604
2026-05-31 05:12:33 | Checkpoint saved: ['iter_106666_psnr_23.516.ckpt', 'last.ckpt']
2026-05-31 05:12:33 | [Val] iter=106666 | PSNR: 23.516 | SSIM: 0.756 | LPIPS: 0.0641 | Best PSNR: 22.822
2026-05-31 05:34:51 | Checkpoint saved: ['iter_120000_psnr_23.719.ckpt', 'last.ckpt']
2026-05-31 05:34:51 | [Val] iter=120000 | PSNR: 23.719 | SSIM: 0.761 | LPIPS: 0.0630 | Best PSNR: 23.516
2026-05-31 05:57:24 | Checkpoint saved: ['iter_133333_psnr_24.187.ckpt', 'last.ckpt']
2026-05-31 05:57:24 | [Val] iter=133333 | PSNR: 24.187 | SSIM: 0.770 | LPIPS: 0.0604 | Best PSNR: 23.719
2026-05-31 06:19:54 | Checkpoint saved: ['iter_146666_psnr_24.400.ckpt', 'last.ckpt']
2026-05-31 06:19:54 | [Val] iter=146666 | PSNR: 24.400 | SSIM: 0.774 | LPIPS: 0.0591 | Best PSNR: 24.187
2026-05-31 06:42:29 | Checkpoint saved: ['iter_160000_psnr_24.543.ckpt', 'last.ckpt']
2026-05-31 06:42:29 | [Val] iter=160000 | PSNR: 24.543 | SSIM: 0.775 | LPIPS: 0.0557 | Best PSNR: 24.400
2026-05-31 07:05:08 | Checkpoint saved: ['iter_173333_psnr_24.814.ckpt', 'last.ckpt']
2026-05-31 07:05:08 | [Val] iter=173333 | PSNR: 24.814 | SSIM: 0.780 | LPIPS: 0.0569 | Best PSNR: 24.543
2026-05-31 07:27:45 | Checkpoint saved: ['iter_186666_psnr_24.824.ckpt', 'last.ckpt']
2026-05-31 07:27:45 | [Val] iter=186666 | PSNR: 24.824 | SSIM: 0.782 | LPIPS: 0.0525 | Best PSNR: 24.814
2026-05-31 07:49:39 | Checkpoint saved: ['iter_200000_psnr_24.648.ckpt', 'last.ckpt']
2026-05-31 07:49:39 | [Val] iter=200000 | PSNR: 24.648 | SSIM: 0.780 | LPIPS: 0.0522 | Best PSNR: 24.824
